2026-10-04 21:29:50.447 +07:00 [WRN] : Failed to apply database migrations automatically on startup.
Npgsql.NpgsqlException (0x80004005): Failed to connect to 127.0.0.1:5432
 ---> System.Net.Sockets.SocketException (10061): No connection could be made because the target machine actively refused it.
   at System.Net.Sockets.Socket.AwaitableSocketAsyncEventArgs.ThrowException(SocketError error, CancellationToken cancellationToken)
   at System.Net.Sockets.Socket.AwaitableSocketAsyncEventArgs.System.Threading.Tasks.Sources.IValueTaskSource.GetResult(Int16 token)
   at System.Net.Sockets.Socket.<ConnectAsync>g__WaitForConnectWithCancellation|285_0(AwaitableSocketAsyncEventArgs saea, ValueTask connectTask, CancellationToken cancellationToken)
   at Npgsql.TaskTimeoutAndCancellation.ExecuteAsync(Func`2 getTaskFunc, NpgsqlTimeout timeout, CancellationToken cancellationToken)
   at Npgsql.Internal.NpgsqlConnector.ConnectAsync(NpgsqlTimeout timeout, CancellationToken cancellationToken)
   at Npgsql.Internal.NpgsqlConnector.ConnectAsync(NpgsqlTimeout timeout, CancellationToken cancellationToken)
   at Npgsql.Internal.NpgsqlConnector.RawOpen(SslMode sslMode, NpgsqlTimeout timeout, Boolean async, CancellationToken cancellationToken, Boolean isFirstAttempt)
   at Npgsql.Internal.NpgsqlConnector.<Open>g__OpenCore|213_1(NpgsqlConnector conn, SslMode sslMode, NpgsqlTimeout timeout, Boolean async, CancellationToken cancellationToken, Boolean isFirstAttempt)
   at Npgsql.Internal.NpgsqlConnector.Open(NpgsqlTimeout timeout, Boolean async, CancellationToken cancellationToken)
   at Npgsql.UnpooledDataSource.Get(NpgsqlConnection conn, NpgsqlTimeout timeout, Boolean async, CancellationToken cancellationToken)
   at Npgsql.NpgsqlConnection.<Open>g__OpenAsync|42_0(Boolean async, CancellationToken cancellationToken)
   at Microsoft.EntityFrameworkCore.Storage.RelationalConnection.OpenInternalAsync(Boolean errorsExpected, CancellationToken cancellationToken)
   at Microsoft.EntityFrameworkCore.Storage.RelationalConnection.OpenInternalAsync(Boolean errorsExpected, CancellationToken cancellationToken)
   at Microsoft.EntityFrameworkCore.Storage.RelationalConnection.OpenAsync(CancellationToken cancellationToken, Boolean errorsExpected)
   at Npgsql.EntityFrameworkCore.PostgreSQL.Storage.Internal.NpgsqlDatabaseCreator.Exists(Boolean async, CancellationToken cancellationToken)
   at Npgsql.EntityFrameworkCore.PostgreSQL.Storage.Internal.NpgsqlDatabaseCreator.Exists(Boolean async, CancellationToken cancellationToken)
   at Microsoft.EntityFrameworkCore.Migrations.HistoryRepository.ExistsAsync(CancellationToken cancellationToken)
   at Microsoft.EntityFrameworkCore.Migrations.HistoryRepository.GetAppliedMigrationsAsync(CancellationToken cancellationToken)
   at Npgsql.EntityFrameworkCore.PostgreSQL.Migrations.Internal.NpgsqlMigrator.MigrateAsync(String targetMigration, CancellationToken cancellationToken)
   at Program.<Main>$(String[] args) in D:\term 9\wardmate-backend\src\Services\WardMate.Services.DocumentForm\WardMate.Services.DocumentForm.API\Program.cs:line 69
   at Program.<Main>$(String[] args) in D:\term 9\wardmate-backend\src\Services\WardMate.Services.DocumentForm\WardMate.Services.DocumentForm.API\Program.cs:line 69
2026-10-04 21:29:50.639 +07:00 [INF] : WardMate.Services.DocumentForm started successfully.
2026-10-04 21:29:50.699 +07:00 [INF] Microsoft.Hosting.Lifetime: Now listening on: http://localhost:5004
2026-10-04 21:29:50.701 +07:00 [INF] Microsoft.Hosting.Lifetime: Application started. Press Ctrl+C to shut down.
2026-10-04 21:29:50.702 +07:00 [INF] Microsoft.Hosting.Lifetime: Hosting environment: Development
2026-10-04 21:29:50.702 +07:00 [INF] Microsoft.Hosting.Lifetime: Content root path: D:\term 9\wardmate-backend\src\Services\WardMate.Services.DocumentForm\WardMate.Services.DocumentForm.API
2026-10-04 21:30:15.291 +07:00 [INF] WardMate.SharedKernel.Logging.RequestLoggingMiddleware: HTTP GET /swagger/index.html  => 200 [59ms] | IP: ::1 | TraceId: 0HNP24G0QF5BC:00000001
2026-10-04 21:30:15.296 +07:00 [INF] Serilog.AspNetCore.RequestLoggingMiddleware: HTTP GET /swagger/index.html responded 200 in 69.275 ms
2026-10-04 21:31:06.967 +07:00 [ERR] Microsoft.EntityFrameworkCore.Database.Connection: An error occurred using the connection to database 'wardmate_db' on server 'tcp://localhost:5432'.
2026-10-04 21:31:06.975 +07:00 [ERR] Microsoft.EntityFrameworkCore.Query: An exception occurred while iterating over the results of a query for context type 'WardMate.Services.DocumentForm.Infrastructure.Persistence.DocumentDbContext'.
System.InvalidOperationException: An exception has been raised that is likely due to a transient failure.
 ---> Npgsql.NpgsqlException (0x80004005): Failed to connect to 127.0.0.1:5432
 ---> System.Net.Sockets.SocketException (10061): No connection could be made because the target machine actively refused it.
   at System.Net.Sockets.Socket.AwaitableSocketAsyncEventArgs.ThrowException(SocketError error, CancellationToken cancellationToken)
   at System.Net.Sockets.Socket.AwaitableSocketAsyncEventArgs.System.Threading.Tasks.Sources.IValueTaskSource.GetResult(Int16 token)
   at System.Net.Sockets.Socket.<ConnectAsync>g__WaitForConnectWithCancellation|285_0(AwaitableSocketAsyncEventArgs saea, ValueTask connectTask, CancellationToken cancellationToken)
   at Npgsql.TaskTimeoutAndCancellation.ExecuteAsync(Func`2 getTaskFunc, NpgsqlTimeout timeout, CancellationToken cancellationToken)
   at Npgsql.Internal.NpgsqlConnector.ConnectAsync(NpgsqlTimeout timeout, CancellationToken cancellationToken)
   at Npgsql.Internal.NpgsqlConnector.ConnectAsync(NpgsqlTimeout timeout, CancellationToken cancellationToken)
   at Npgsql.Internal.NpgsqlConnector.RawOpen(SslMode sslMode, NpgsqlTimeout timeout, Boolean async, CancellationToken cancellationToken, Boolean isFirstAttempt)
   at Npgsql.Internal.NpgsqlConnector.<Open>g__OpenCore|213_1(NpgsqlConnector conn, SslMode sslMode, NpgsqlTimeout timeout, Boolean async, CancellationToken cancellationToken, Boolean isFirstAttempt)
   at Npgsql.Internal.NpgsqlConnector.Open(NpgsqlTimeout timeout, Boolean async, CancellationToken cancellationToken)
   at Npgsql.PoolingDataSource.OpenNewConnector(NpgsqlConnection conn, NpgsqlTimeout timeout, Boolean async, CancellationToken cancellationToken)
   at Npgsql.PoolingDataSource.<Get>g__RentAsync|33_0(NpgsqlConnection conn, NpgsqlTimeout timeout, Boolean async, CancellationToken cancellationToken)
   at Npgsql.NpgsqlConnection.<Open>g__OpenAsync|42_0(Boolean async, CancellationToken cancellationToken)
   at Microsoft.EntityFrameworkCore.Storage.RelationalConnection.OpenInternalAsync(Boolean errorsExpected, CancellationToken cancellationToken)
   at Microsoft.EntityFrameworkCore.Storage.RelationalConnection.OpenInternalAsync(Boolean errorsExpected, CancellationToken cancellationToken)
   at Microsoft.EntityFrameworkCore.Storage.RelationalConnection.OpenAsync(CancellationToken cancellationToken, Boolean errorsExpected)
   at Microsoft.EntityFrameworkCore.Storage.RelationalCommand.ExecuteReaderAsync(RelationalCommandParameterObject parameterObject, CancellationToken cancellationToken)
   at Microsoft.EntityFrameworkCore.Query.Internal.SingleQueryingEnumerable`1.AsyncEnumerator.InitializeReaderAsync(AsyncEnumerator enumerator, CancellationToken cancellationToken)
   at Npgsql.EntityFrameworkCore.PostgreSQL.Storage.Internal.NpgsqlExecutionStrategy.ExecuteAsync[TState,TResult](TState state, Func`4 operation, Func`4 verifySucceeded, CancellationToken cancellationToken)
   --- End of inner exception stack trace ---
   at Npgsql.EntityFrameworkCore.PostgreSQL.Storage.Internal.NpgsqlExecutionStrategy.ExecuteAsync[TState,TResult](TState state, Func`4 operation, Func`4 verifySucceeded, CancellationToken cancellationToken)
   at Microsoft.EntityFrameworkCore.Query.Internal.SingleQueryingEnumerable`1.AsyncEnumerator.MoveNextAsync()
System.InvalidOperationException: An exception has been raised that is likely due to a transient failure.
 ---> Npgsql.NpgsqlException (0x80004005): Failed to connect to 127.0.0.1:5432
 ---> System.Net.Sockets.SocketException (10061): No connection could be made because the target machine actively refused it.
   at System.Net.Sockets.Socket.AwaitableSocketAsyncEventArgs.ThrowException(SocketError error, CancellationToken cancellationToken)
   at System.Net.Sockets.Socket.AwaitableSocketAsyncEventArgs.System.Threading.Tasks.Sources.IValueTaskSource.GetResult(Int16 token)
   at System.Net.Sockets.Socket.<ConnectAsync>g__WaitForConnectWithCancellation|285_0(AwaitableSocketAsyncEventArgs saea, ValueTask connectTask, CancellationToken cancellationToken)
   at Npgsql.TaskTimeoutAndCancellation.ExecuteAsync(Func`2 getTaskFunc, NpgsqlTimeout timeout, CancellationToken cancellationToken)
   at Npgsql.Internal.NpgsqlConnector.ConnectAsync(NpgsqlTimeout timeout, CancellationToken cancellationToken)
   at Npgsql.Internal.NpgsqlConnector.ConnectAsync(NpgsqlTimeout timeout, CancellationToken cancellationToken)
   at Npgsql.Internal.NpgsqlConnector.RawOpen(SslMode sslMode, NpgsqlTimeout timeout, Boolean async, CancellationToken cancellationToken, Boolean isFirstAttempt)
   at Npgsql.Internal.NpgsqlConnector.<Open>g__OpenCore|213_1(NpgsqlConnector conn, SslMode sslMode, NpgsqlTimeout timeout, Boolean async, CancellationToken cancellationToken, Boolean isFirstAttempt)
   at Npgsql.Internal.NpgsqlConnector.Open(NpgsqlTimeout timeout, Boolean async, CancellationToken cancellationToken)
   at Npgsql.PoolingDataSource.OpenNewConnector(NpgsqlConnection conn, NpgsqlTimeout timeout, Boolean async, CancellationToken cancellationToken)
   at Npgsql.PoolingDataSource.<Get>g__RentAsync|33_0(NpgsqlConnection conn, NpgsqlTimeout timeout, Boolean async, CancellationToken cancellationToken)
   at Npgsql.NpgsqlConnection.<Open>g__OpenAsync|42_0(Boolean async, CancellationToken cancellationToken)
   at Microsoft.EntityFrameworkCore.Storage.RelationalConnection.OpenInternalAsync(Boolean errorsExpected, CancellationToken cancellationToken)
   at Microsoft.EntityFrameworkCore.Storage.RelationalConnection.OpenInternalAsync(Boolean errorsExpected, CancellationToken cancellationToken)
   at Microsoft.EntityFrameworkCore.Storage.RelationalConnection.OpenAsync(CancellationToken cancellationToken, Boolean errorsExpected)
   at Microsoft.EntityFrameworkCore.Storage.RelationalCommand.ExecuteReaderAsync(RelationalCommandParameterObject parameterObject, CancellationToken cancellationToken)
   at Microsoft.EntityFrameworkCore.Query.Internal.SingleQueryingEnumerable`1.AsyncEnumerator.InitializeReaderAsync(AsyncEnumerator enumerator, CancellationToken cancellationToken)
   at Npgsql.EntityFrameworkCore.PostgreSQL.Storage.Internal.NpgsqlExecutionStrategy.ExecuteAsync[TState,TResult](TState state, Func`4 operation, Func`4 verifySucceeded, CancellationToken cancellationToken)
   --- End of inner exception stack trace ---
   at Npgsql.EntityFrameworkCore.PostgreSQL.Storage.Internal.NpgsqlExecutionStrategy.ExecuteAsync[TState,TResult](TState state, Func`4 operation, Func`4 verifySucceeded, CancellationToken cancellationToken)
   at Microsoft.EntityFrameworkCore.Query.Internal.SingleQueryingEnumerable`1.AsyncEnumerator.MoveNextAsync()
2026-10-04 21:31:06.984 +07:00 [ERR] Microsoft.AspNetCore.Diagnostics.ExceptionHandlerMiddleware: An unhandled exception has occurred while executing the request.
System.InvalidOperationException: An exception has been raised that is likely due to a transient failure.
 ---> Npgsql.NpgsqlException (0x80004005): Failed to connect to 127.0.0.1:5432
 ---> System.Net.Sockets.SocketException (10061): No connection could be made because the target machine actively refused it.
   at System.Net.Sockets.Socket.AwaitableSocketAsyncEventArgs.ThrowException(SocketError error, CancellationToken cancellationToken)
   at System.Net.Sockets.Socket.AwaitableSocketAsyncEventArgs.System.Threading.Tasks.Sources.IValueTaskSource.GetResult(Int16 token)
   at System.Net.Sockets.Socket.<ConnectAsync>g__WaitForConnectWithCancellation|285_0(AwaitableSocketAsyncEventArgs saea, ValueTask connectTask, CancellationToken cancellationToken)
   at Npgsql.TaskTimeoutAndCancellation.ExecuteAsync(Func`2 getTaskFunc, NpgsqlTimeout timeout, CancellationToken cancellationToken)
   at Npgsql.Internal.NpgsqlConnector.ConnectAsync(NpgsqlTimeout timeout, CancellationToken cancellationToken)
   at Npgsql.Internal.NpgsqlConnector.ConnectAsync(NpgsqlTimeout timeout, CancellationToken cancellationToken)
   at Npgsql.Internal.NpgsqlConnector.RawOpen(SslMode sslMode, NpgsqlTimeout timeout, Boolean async, CancellationToken cancellationToken, Boolean isFirstAttempt)
   at Npgsql.Internal.NpgsqlConnector.<Open>g__OpenCore|213_1(NpgsqlConnector conn, SslMode sslMode, NpgsqlTimeout timeout, Boolean async, CancellationToken cancellationToken, Boolean isFirstAttempt)
   at Npgsql.Internal.NpgsqlConnector.Open(NpgsqlTimeout timeout, Boolean async, CancellationToken cancellationToken)
   at Npgsql.PoolingDataSource.OpenNewConnector(NpgsqlConnection conn, NpgsqlTimeout timeout, Boolean async, CancellationToken cancellationToken)
   at Npgsql.PoolingDataSource.<Get>g__RentAsync|33_0(NpgsqlConnection conn, NpgsqlTimeout timeout, Boolean async, CancellationToken cancellationToken)
   at Npgsql.NpgsqlConnection.<Open>g__OpenAsync|42_0(Boolean async, CancellationToken cancellationToken)
   at Microsoft.EntityFrameworkCore.Storage.RelationalConnection.OpenInternalAsync(Boolean errorsExpected, CancellationToken cancellationToken)
   at Microsoft.EntityFrameworkCore.Storage.RelationalConnection.OpenInternalAsync(Boolean errorsExpected, CancellationToken cancellationToken)
   at Microsoft.EntityFrameworkCore.Storage.RelationalConnection.OpenAsync(CancellationToken cancellationToken, Boolean errorsExpected)
   at Microsoft.EntityFrameworkCore.Storage.RelationalCommand.ExecuteReaderAsync(RelationalCommandParameterObject parameterObject, CancellationToken cancellationToken)
   at Microsoft.EntityFrameworkCore.Query.Internal.SingleQueryingEnumerable`1.AsyncEnumerator.InitializeReaderAsync(AsyncEnumerator enumerator, CancellationToken cancellationToken)
   at Npgsql.EntityFrameworkCore.PostgreSQL.Storage.Internal.NpgsqlExecutionStrategy.ExecuteAsync[TState,TResult](TState state, Func`4 operation, Func`4 verifySucceeded, CancellationToken cancellationToken)
   --- End of inner exception stack trace ---
   at Npgsql.EntityFrameworkCore.PostgreSQL.Storage.Internal.NpgsqlExecutionStrategy.ExecuteAsync[TState,TResult](TState state, Func`4 operation, Func`4 verifySucceeded, CancellationToken cancellationToken)
   at Microsoft.EntityFrameworkCore.Query.Internal.SingleQueryingEnumerable`1.AsyncEnumerator.MoveNextAsync()
   at Microsoft.EntityFrameworkCore.Query.ShapedQueryCompilingExpressionVisitor.SingleAsync[TSource](IAsyncEnumerable`1 asyncEnumerable, CancellationToken cancellationToken)
   at Microsoft.EntityFrameworkCore.Query.ShapedQueryCompilingExpressionVisitor.SingleAsync[TSource](IAsyncEnumerable`1 asyncEnumerable, CancellationToken cancellationToken)
   at WardMate.Services.DocumentForm.Application.Commands.CreateFormTemplateCommandHandler.Handle(CreateFormTemplateCommand request, CancellationToken cancellationToken) in D:\term 9\wardmate-backend\src\Services\WardMate.Services.DocumentForm\WardMate.Services.DocumentForm.Application\Commands\CreateFormTemplateCommand.cs:line 29
   at WardMate.Services.DocumentForm.API.Controllers.FormTemplatesController.Create(CreateFormTemplateRequest request, CancellationToken cancellationToken) in D:\term 9\wardmate-backend\src\Services\WardMate.Services.DocumentForm\WardMate.Services.DocumentForm.API\Controllers\FormTemplatesController.cs:line 74
   at Microsoft.AspNetCore.Mvc.Infrastructure.ActionMethodExecutor.TaskOfIActionResultExecutor.Execute(ActionContext actionContext, IActionResultTypeMapper mapper, ObjectMethodExecutor executor, Object controller, Object[] arguments)
   at Microsoft.AspNetCore.Mvc.Infrastructure.ControllerActionInvoker.<InvokeActionMethodAsync>g__Awaited|12_0(ControllerActionInvoker invoker, ValueTask`1 actionResultValueTask)
   at Microsoft.AspNetCore.Mvc.Infrastructure.ControllerActionInvoker.<InvokeNextActionFilterAsync>g__Awaited|10_0(ControllerActionInvoker invoker, Task lastTask, State next, Scope scope, Object state, Boolean isCompleted)
   at Microsoft.AspNetCore.Mvc.Infrastructure.ControllerActionInvoker.Rethrow(ActionExecutedContextSealed context)
   at Microsoft.AspNetCore.Mvc.Infrastructure.ControllerActionInvoker.Next(State& next, Scope& scope, Object& state, Boolean& isCompleted)
   at Microsoft.AspNetCore.Mvc.Infrastructure.ControllerActionInvoker.<InvokeInnerFilterAsync>g__Awaited|13_0(ControllerActionInvoker invoker, Task lastTask, State next, Scope scope, Object state, Boolean isCompleted)
   at Microsoft.AspNetCore.Mvc.Infrastructure.ResourceInvoker.<InvokeFilterPipelineAsync>g__Awaited|20_0(ResourceInvoker invoker, Task lastTask, State next, Scope scope, Object state, Boolean isCompleted)
   at Microsoft.AspNetCore.Mvc.Infrastructure.ResourceInvoker.<InvokeAsync>g__Awaited|17_0(ResourceInvoker invoker, Task task, IDisposable scope)
   at Microsoft.AspNetCore.Mvc.Infrastructure.ResourceInvoker.<InvokeAsync>g__Awaited|17_0(ResourceInvoker invoker, Task task, IDisposable scope)
   at Swashbuckle.AspNetCore.SwaggerUI.SwaggerUIMiddleware.Invoke(HttpContext httpContext)
   at Swashbuckle.AspNetCore.Swagger.SwaggerMiddleware.Invoke(HttpContext httpContext, ISwaggerProvider swaggerProvider)
   at Microsoft.AspNetCore.Diagnostics.StatusCodePagesMiddleware.Invoke(HttpContext context)
   at Microsoft.AspNetCore.Diagnostics.ExceptionHandlerMiddlewareImpl.<Invoke>g__Awaited|10_0(ExceptionHandlerMiddlewareImpl middleware, HttpContext context, Task task)
2026-10-04 21:31:06.998 +07:00 [ERR] WardMate.SharedKernel.Web.GlobalExceptionHandler: Unhandled request exception. TraceId: 00-431e4425ad63bcd3f94020ac304483d3-8d4e6b52f02939f3-00
System.InvalidOperationException: An exception has been raised that is likely due to a transient failure.
 ---> Npgsql.NpgsqlException (0x80004005): Failed to connect to 127.0.0.1:5432
 ---> System.Net.Sockets.SocketException (10061): No connection could be made because the target machine actively refused it.
   at System.Net.Sockets.Socket.AwaitableSocketAsyncEventArgs.ThrowException(SocketError error, CancellationToken cancellationToken)
   at System.Net.Sockets.Socket.AwaitableSocketAsyncEventArgs.System.Threading.Tasks.Sources.IValueTaskSource.GetResult(Int16 token)
   at System.Net.Sockets.Socket.<ConnectAsync>g__WaitForConnectWithCancellation|285_0(AwaitableSocketAsyncEventArgs saea, ValueTask connectTask, CancellationToken cancellationToken)
   at Npgsql.TaskTimeoutAndCancellation.ExecuteAsync(Func`2 getTaskFunc, NpgsqlTimeout timeout, CancellationToken cancellationToken)
   at Npgsql.Internal.NpgsqlConnector.ConnectAsync(NpgsqlTimeout timeout, CancellationToken cancellationToken)
   at Npgsql.Internal.NpgsqlConnector.ConnectAsync(NpgsqlTimeout timeout, CancellationToken cancellationToken)
   at Npgsql.Internal.NpgsqlConnector.RawOpen(SslMode sslMode, NpgsqlTimeout timeout, Boolean async, CancellationToken cancellationToken, Boolean isFirstAttempt)
   at Npgsql.Internal.NpgsqlConnector.<Open>g__OpenCore|213_1(NpgsqlConnector conn, SslMode sslMode, NpgsqlTimeout timeout, Boolean async, CancellationToken cancellationToken, Boolean isFirstAttempt)
   at Npgsql.Internal.NpgsqlConnector.Open(NpgsqlTimeout timeout, Boolean async, CancellationToken cancellationToken)
   at Npgsql.PoolingDataSource.OpenNewConnector(NpgsqlConnection conn, NpgsqlTimeout timeout, Boolean async, CancellationToken cancellationToken)
   at Npgsql.PoolingDataSource.<Get>g__RentAsync|33_0(NpgsqlConnection conn, NpgsqlTimeout timeout, Boolean async, CancellationToken cancellationToken)
   at Npgsql.NpgsqlConnection.<Open>g__OpenAsync|42_0(Boolean async, CancellationToken cancellationToken)
   at Microsoft.EntityFrameworkCore.Storage.RelationalConnection.OpenInternalAsync(Boolean errorsExpected, CancellationToken cancellationToken)
   at Microsoft.EntityFrameworkCore.Storage.RelationalConnection.OpenInternalAsync(Boolean errorsExpected, CancellationToken cancellationToken)
   at Microsoft.EntityFrameworkCore.Storage.RelationalConnection.OpenAsync(CancellationToken cancellationToken, Boolean errorsExpected)
   at Microsoft.EntityFrameworkCore.Storage.RelationalCommand.ExecuteReaderAsync(RelationalCommandParameterObject parameterObject, CancellationToken cancellationToken)
   at Microsoft.EntityFrameworkCore.Query.Internal.SingleQueryingEnumerable`1.AsyncEnumerator.InitializeReaderAsync(AsyncEnumerator enumerator, CancellationToken cancellationToken)
   at Npgsql.EntityFrameworkCore.PostgreSQL.Storage.Internal.NpgsqlExecutionStrategy.ExecuteAsync[TState,TResult](TState state, Func`4 operation, Func`4 verifySucceeded, CancellationToken cancellationToken)
   --- End of inner exception stack trace ---
   at Npgsql.EntityFrameworkCore.PostgreSQL.Storage.Internal.NpgsqlExecutionStrategy.ExecuteAsync[TState,TResult](TState state, Func`4 operation, Func`4 verifySucceeded, CancellationToken cancellationToken)
   at Microsoft.EntityFrameworkCore.Query.Internal.SingleQueryingEnumerable`1.AsyncEnumerator.MoveNextAsync()
   at Microsoft.EntityFrameworkCore.Query.ShapedQueryCompilingExpressionVisitor.SingleAsync[TSource](IAsyncEnumerable`1 asyncEnumerable, CancellationToken cancellationToken)
   at Microsoft.EntityFrameworkCore.Query.ShapedQueryCompilingExpressionVisitor.SingleAsync[TSource](IAsyncEnumerable`1 asyncEnumerable, CancellationToken cancellationToken)
   at WardMate.Services.DocumentForm.Application.Commands.CreateFormTemplateCommandHandler.Handle(CreateFormTemplateCommand request, CancellationToken cancellationToken) in D:\term 9\wardmate-backend\src\Services\WardMate.Services.DocumentForm\WardMate.Services.DocumentForm.Application\Commands\CreateFormTemplateCommand.cs:line 29
   at WardMate.Services.DocumentForm.API.Controllers.FormTemplatesController.Create(CreateFormTemplateRequest request, CancellationToken cancellationToken) in D:\term 9\wardmate-backend\src\Services\WardMate.Services.DocumentForm\WardMate.Services.DocumentForm.API\Controllers\FormTemplatesController.cs:line 74
   at Microsoft.AspNetCore.Mvc.Infrastructure.ActionMethodExecutor.TaskOfIActionResultExecutor.Execute(ActionContext actionContext, IActionResultTypeMapper mapper, ObjectMethodExecutor executor, Object controller, Object[] arguments)
   at Microsoft.AspNetCore.Mvc.Infrastructure.ControllerActionInvoker.<InvokeActionMethodAsync>g__Awaited|12_0(ControllerActionInvoker invoker, ValueTask`1 actionResultValueTask)
   at Microsoft.AspNetCore.Mvc.Infrastructure.ControllerActionInvoker.<InvokeNextActionFilterAsync>g__Awaited|10_0(ControllerActionInvoker invoker, Task lastTask, State next, Scope scope, Object state, Boolean isCompleted)
   at Microsoft.AspNetCore.Mvc.Infrastructure.ControllerActionInvoker.Rethrow(ActionExecutedContextSealed context)
   at Microsoft.AspNetCore.Mvc.Infrastructure.ControllerActionInvoker.Next(State& next, Scope& scope, Object& state, Boolean& isCompleted)
   at Microsoft.AspNetCore.Mvc.Infrastructure.ControllerActionInvoker.<InvokeInnerFilterAsync>g__Awaited|13_0(ControllerActionInvoker invoker, Task lastTask, State next, Scope scope, Object state, Boolean isCompleted)
   at Microsoft.AspNetCore.Mvc.Infrastructure.ResourceInvoker.<InvokeFilterPipelineAsync>g__Awaited|20_0(ResourceInvoker invoker, Task lastTask, State next, Scope scope, Object state, Boolean isCompleted)
   at Microsoft.AspNetCore.Mvc.Infrastructure.ResourceInvoker.<InvokeAsync>g__Awaited|17_0(ResourceInvoker invoker, Task task, IDisposable scope)
   at Microsoft.AspNetCore.Mvc.Infrastructure.ResourceInvoker.<InvokeAsync>g__Awaited|17_0(ResourceInvoker invoker, Task task, IDisposable scope)
   at Swashbuckle.AspNetCore.SwaggerUI.SwaggerUIMiddleware.Invoke(HttpContext httpContext)
   at Swashbuckle.AspNetCore.Swagger.SwaggerMiddleware.Invoke(HttpContext httpContext, ISwaggerProvider swaggerProvider)
   at Microsoft.AspNetCore.Diagnostics.StatusCodePagesMiddleware.Invoke(HttpContext context)
   at Microsoft.AspNetCore.Diagnostics.ExceptionHandlerMiddlewareImpl.<Invoke>g__Awaited|10_0(ExceptionHandlerMiddlewareImpl middleware, HttpContext context, Task task)
2026-10-04 21:31:07.017 +07:00 [ERR] WardMate.SharedKernel.Logging.RequestLoggingMiddleware: HTTP POST /api/v1/form-templates  => 500 [4402ms] | IP: ::1 | TraceId: 0HNP24G0QF5BD:00000001
2026-10-04 21:31:07.017 +07:00 [ERR] Serilog.AspNetCore.RequestLoggingMiddleware: HTTP POST /api/v1/form-templates responded 500 in 4402.820 ms
2026-10-04 21:32:40.517 +07:00 [INF] : WardMate.Services.DocumentForm started successfully.
2026-10-04 21:32:40.600 +07:00 [INF] Microsoft.Hosting.Lifetime: Now listening on: http://localhost:5004
2026-10-04 21:32:40.603 +07:00 [INF] Microsoft.Hosting.Lifetime: Application started. Press Ctrl+C to shut down.
2026-10-04 21:32:40.604 +07:00 [INF] Microsoft.Hosting.Lifetime: Hosting environment: Development
2026-10-04 21:32:40.604 +07:00 [INF] Microsoft.Hosting.Lifetime: Content root path: D:\term 9\wardmate-backend\src\Services\WardMate.Services.DocumentForm\WardMate.Services.DocumentForm.API
2026-10-04 21:32:45.923 +07:00 [INF] WardMate.SharedKernel.Logging.RequestLoggingMiddleware: HTTP GET /swagger/index.html  => 200 [58ms] | IP: ::1 | TraceId: 0HNP24HDN290D:00000001
2026-10-04 21:32:45.928 +07:00 [INF] Serilog.AspNetCore.RequestLoggingMiddleware: HTTP GET /swagger/index.html responded 200 in 68.490 ms
2026-10-04 21:32:58.280 +07:00 [INF] WardMate.SharedKernel.Logging.RequestLoggingMiddleware: HTTP POST /api/v1/form-templates  => 201 [451ms] | IP: ::1 | TraceId: 0HNP24HDN290E:00000001
2026-10-04 21:32:58.281 +07:00 [INF] Serilog.AspNetCore.RequestLoggingMiddleware: HTTP POST /api/v1/form-templates responded 201 in 451.730 ms
2026-10-04 21:33:21.641 +07:00 [INF] WardMate.SharedKernel.Logging.RequestLoggingMiddleware: HTTP POST /api/v1/form-templates  => 201 [74ms] | IP: ::1 | TraceId: 0HNP24HDN290F:00000001
2026-10-04 21:33:21.642 +07:00 [INF] Serilog.AspNetCore.RequestLoggingMiddleware: HTTP POST /api/v1/form-templates responded 201 in 75.128 ms
2026-10-04 21:33:22.470 +07:00 [INF] WardMate.SharedKernel.Blob.AzureBlobStorageClient: Blob uploaded: form-templates/tmpl-1791124401481/5e4152bb1bfe441ba4e5b28a8d63a16f_test_dummy.docx to form-templates
2026-10-04 21:33:22.481 +07:00 [INF] WardMate.SharedKernel.Logging.RequestLoggingMiddleware: HTTP POST /api/v1/form-templates/b13e4e6d-7b1d-4b8e-94fa-92d2cf9b4722/upload-docx  => 200 [824ms] | IP: ::1 | TraceId: 0HNP24HDN290G:00000001
2026-10-04 21:33:22.481 +07:00 [INF] Serilog.AspNetCore.RequestLoggingMiddleware: HTTP POST /api/v1/form-templates/b13e4e6d-7b1d-4b8e-94fa-92d2cf9b4722/upload-docx responded 200 in 824.568 ms
2026-10-04 21:33:22.592 +07:00 [INF] WardMate.SharedKernel.Blob.AzureBlobStorageClient: Blob uploaded: user-submissions/11111111111111111111111111111111/2a794cfea0b34833baa1b6cfad52de80_test_dummy.docx to form-templates
2026-10-04 21:33:22.647 +07:00 [INF] WardMate.SharedKernel.Logging.RequestLoggingMiddleware: HTTP POST /api/v1/user-submissions/draft  => 201 [162ms] | IP: ::1 | TraceId: 0HNP24HDN290F:00000002
2026-10-04 21:33:22.647 +07:00 [INF] Serilog.AspNetCore.RequestLoggingMiddleware: HTTP POST /api/v1/user-submissions/draft responded 201 in 162.669 ms
2026-10-04 21:33:22.676 +07:00 [INF] WardMate.SharedKernel.Logging.RequestLoggingMiddleware: HTTP GET /api/v1/user-submissions/3182ea8a-ac50-41bb-832f-90625873d99e  => 200 [25ms] | IP: ::1 | TraceId: 0HNP24HDN290G:00000002
2026-10-04 21:33:22.676 +07:00 [INF] Serilog.AspNetCore.RequestLoggingMiddleware: HTTP GET /api/v1/user-submissions/3182ea8a-ac50-41bb-832f-90625873d99e responded 200 in 26.065 ms
2026-10-04 21:33:22.700 +07:00 [INF] WardMate.SharedKernel.Logging.RequestLoggingMiddleware: HTTP POST /api/v1/user-submissions/3182ea8a-ac50-41bb-832f-90625873d99e/submit  => 200 [21ms] | IP: ::1 | TraceId: 0HNP24HDN290F:00000003
2026-10-04 21:33:22.701 +07:00 [INF] Serilog.AspNetCore.RequestLoggingMiddleware: HTTP POST /api/v1/user-submissions/3182ea8a-ac50-41bb-832f-90625873d99e/submit responded 200 in 22.102 ms
2026-10-04 21:33:22.724 +07:00 [INF] WardMate.SharedKernel.Logging.RequestLoggingMiddleware: HTTP POST /api/v1/user-submissions/3182ea8a-ac50-41bb-832f-90625873d99e/request-revision  => 200 [18ms] | IP: ::1 | TraceId: 0HNP24HDN290G:00000003
2026-10-04 21:33:22.724 +07:00 [INF] Serilog.AspNetCore.RequestLoggingMiddleware: HTTP POST /api/v1/user-submissions/3182ea8a-ac50-41bb-832f-90625873d99e/request-revision responded 200 in 18.978 ms
2026-10-04 21:33:22.749 +07:00 [INF] WardMate.SharedKernel.Blob.AzureBlobStorageClient: Blob uploaded: user-submissions/11111111111111111111111111111111/9082e1b8ecc24e8da2529651f976e72e_test_dummy2.docx to form-templates
2026-10-04 21:33:22.764 +07:00 [INF] WardMate.SharedKernel.Logging.RequestLoggingMiddleware: HTTP PUT /api/v1/user-submissions/3182ea8a-ac50-41bb-832f-90625873d99e/draft  => 200 [36ms] | IP: ::1 | TraceId: 0HNP24HDN290F:00000004
2026-10-04 21:33:22.764 +07:00 [INF] Serilog.AspNetCore.RequestLoggingMiddleware: HTTP PUT /api/v1/user-submissions/3182ea8a-ac50-41bb-832f-90625873d99e/draft responded 200 in 36.780 ms
2026-10-04 21:33:22.774 +07:00 [INF] WardMate.SharedKernel.Logging.RequestLoggingMiddleware: HTTP POST /api/v1/user-submissions/3182ea8a-ac50-41bb-832f-90625873d99e/submit  => 200 [7ms] | IP: ::1 | TraceId: 0HNP24HDN290G:00000004
2026-10-04 21:33:22.775 +07:00 [INF] Serilog.AspNetCore.RequestLoggingMiddleware: HTTP POST /api/v1/user-submissions/3182ea8a-ac50-41bb-832f-90625873d99e/submit responded 200 in 8.047 ms
2026-10-04 21:33:22.794 +07:00 [INF] WardMate.SharedKernel.Logging.RequestLoggingMiddleware: HTTP POST /api/v1/user-submissions/3182ea8a-ac50-41bb-832f-90625873d99e/approve  => 200 [16ms] | IP: ::1 | TraceId: 0HNP24HDN290F:00000005
2026-10-04 21:33:22.794 +07:00 [INF] Serilog.AspNetCore.RequestLoggingMiddleware: HTTP POST /api/v1/user-submissions/3182ea8a-ac50-41bb-832f-90625873d99e/approve responded 200 in 16.563 ms
